// Jest Snapshot v1, https://goo.gl/fbAQLP

exports[`<App /> matches the snapshot 1`] = `
<div
  className="container"
>
  <div
    style={
      Object {
        "padding": 10,
      }
    }
  >
    <p>
      Pas de messages : lancer le serveur.
    </p>
  </div>
  <form
    className="form"
    onSubmit={[Function]}
    style={
      Object {
        "display": "flex",
      }
    }
  >
    <textarea
      className="message-input"
      cols="30"
      name="message"
      onChange={[Function]}
      placeholder="Ecrivez votre message..."
      rows="1"
      value=""
    />
    <select
      className="select"
      name="status"
      onChange={[Function]}
      value="true"
    >
      <option
        value="true"
      >
        Public
      </option>
      <option
        value="false"
      >
        Privé
      </option>
    </select>
    <input
      className="button"
      disabled={true}
      type="submit"
      value="Envoyer"
    />
  </form>
</div>
`;

exports[`<App /> not connected to server matches the snapshot 1`] = `
<div
  className="container"
>
  <div
    style={
      Object {
        "padding": 10,
      }
    }
  >
    <p>
      Pas de messages : lancer le serveur.
    </p>
  </div>
  <form
    className="form"
    onSubmit={[Function]}
    style={
      Object {
        "display": "flex",
      }
    }
  >
    <textarea
      className="message-input"
      cols="30"
      name="message"
      onChange={[Function]}
      placeholder="Ecrivez votre message..."
      rows="1"
      value=""
    />
    <select
      className="select"
      name="status"
      onChange={[Function]}
      value="true"
    >
      <option
        value="true"
      >
        Public
      </option>
      <option
        value="false"
      >
        Privé
      </option>
    </select>
    <input
      className="button"
      disabled={true}
      type="submit"
      value="Envoyer"
    />
  </form>
</div>
`;
